Lorem Elsass ipsum gal non hoplageiss
vielmols, jetz gehts los picon bière
tellus eget Hans quam, Christkindelsmärik auctor,
leverwurscht amet gewurztraminer nüdle quam.
T'inquiète, ch'ai ramené du schpeck,
du chambon, un kuglopf et du schnaps dans mon rucksack.
Allez, s'guelt ! Wotch a kofee avec ton bibalaekaess et ta wurscht ?
Yeuh non che suis au réchime,
je ne mange plus que des Grumbeere light et che fais de la chym.
